2026-09-02 15:06:30,523 [seek] INFO: Output directory: /Users/aayan/Desktop/job account /SeekSpider-main/output/seek_spider/20260902_150630/sydney
2026-09-02 15:06:30,523 [seek] INFO: Log file: /Users/aayan/Desktop/job account /SeekSpider-main/output/seek_spider/20260902_150630/sydney/spider.log
2026-09-02 15:06:30,523 [scrapy.extensions.logstats] INFO: Crawled 0 pages (at 0 pages/min), scraped 0 items (at 0 items/min)
2026-09-02 15:06:30,523 [seek] INFO: Spider opened: seek
2026-09-02 15:06:30,523 [seek] INFO: Spider opened: seek
2026-09-02 15:06:30,524 [scrapy.extensions.telnet] INFO: Telnet console listening on 127.0.0.1:6023
2026-09-02 15:06:30,524 [seek] INFO: Searching ALL Seek categories (no classification filter)
2026-09-02 15:06:30,524 [seek] INFO: Starting search request
2026-09-02 15:06:30,524 [seek] INFO: Request: GET https://www.seek.com.au/api/jobsearch/v5/search?siteKey=AU-Main&sourcesystem=houston&where=All+Sydney+NSW&page=1&seekSelectAllPages=true&include=seodata&locale=en-AU&keywords=internship&daterange=21
2026-09-02 15:06:30,784 [seek] INFO: Response: 200 https://www.seek.com.au/api/jobsearch/v5/search?siteKey=AU-Main&sourcesystem=houston&where=All+Sydney+NSW&page=1&seekSelectAllPages=true&include=seodata&locale=en-AU&keywords=internship&daterange=21 [34131 bytes]
2026-09-02 15:06:30,785 [seek] INFO: Total: 73, Per Page: 20, Pages: 4
2026-09-02 15:06:30,785 [seek] INFO: Starting search request
2026-09-02 15:06:30,786 [seek] INFO: Next Page: 2
2026-09-02 15:06:30,787 [seek] INFO: Request: GET https://www.seek.com.au/api/jobsearch/v5/search?siteKey=AU-Main&sourcesystem=houston&where=All+Sydney+NSW&page=2&seekSelectAllPages=true&include=seodata&locale=en-AU&keywords=internship&daterange=21
2026-09-02 15:06:30,787 [seek] INFO: Request: GET https://www.seek.com.au/job/93922405
2026-09-02 15:06:30,787 [seek] INFO: Request: GET https://www.seek.com.au/job/93830307
2026-09-02 15:06:30,787 [seek] INFO: Request: GET https://www.seek.com.au/job/93922917
2026-09-02 15:06:30,788 [seek] INFO: Request: GET https://www.seek.com.au/job/93916843
2026-09-02 15:06:30,788 [seek] INFO: Request: GET https://www.seek.com.au/job/93922570
2026-09-02 15:06:30,788 [seek] INFO: Request: GET https://www.seek.com.au/job/94165331
2026-09-02 15:06:30,788 [seek] INFO: Request: GET https://www.seek.com.au/job/94157804
2026-09-02 15:06:30,788 [seek] INFO: Request: GET https://www.seek.com.au/job/94298192
2026-09-02 15:06:30,788 [seek] INFO: Request: GET https://www.seek.com.au/job/94204286
2026-09-02 15:06:30,788 [seek] INFO: Request: GET https://www.seek.com.au/job/94293654
2026-09-02 15:06:30,789 [seek] INFO: Request: GET https://www.seek.com.au/job/94298532
2026-09-02 15:06:30,789 [seek] INFO: Request: GET https://www.seek.com.au/job/94191084
2026-09-02 15:06:30,789 [seek] INFO: Request: GET https://www.seek.com.au/job/94298708
2026-09-02 15:06:30,789 [seek] INFO: Request: GET https://www.seek.com.au/job/94097231
2026-09-02 15:06:30,789 [seek] INFO: Request: GET https://www.seek.com.au/job/94298284
2026-09-02 15:06:33,532 [seek] INFO: Response: 200 https://www.seek.com.au/api/jobsearch/v5/search?siteKey=AU-Main&sourcesystem=houston&where=All+Sydney+NSW&page=2&seekSelectAllPages=true&include=seodata&locale=en-AU&keywords=internship&daterange=21 [32744 bytes]
2026-09-02 15:06:33,534 [seek] INFO: Request: GET https://www.seek.com.au/job/94298833
2026-09-02 15:06:33,536 [seek] INFO: Total: 73, Per Page: 20, Pages: 4
2026-09-02 15:06:33,537 [seek] INFO: Starting search request
2026-09-02 15:06:33,538 [seek] INFO: Next Page: 3
2026-09-02 15:06:34,894 [seek] INFO: Response: 403 https://www.seek.com.au/job/93922405 [50202 bytes]
2026-09-02 15:06:34,895 [seek] INFO: Request: GET https://www.seek.com.au/api/jobsearch/v5/search?siteKey=AU-Main&sourcesystem=houston&where=All+Sydney+NSW&page=3&seekSelectAllPages=true&include=seodata&locale=en-AU&keywords=internship&daterange=21
2026-09-02 15:06:34,898 [seek] WARNING: Cloudflare challenge for job 93922405, JD will be empty
2026-09-02 15:06:37,242 [seek] INFO: Response: 403 https://www.seek.com.au/job/93830307 [50202 bytes]
2026-09-02 15:06:37,243 [seek] INFO: Request: GET https://www.seek.com.au/job/94257142
2026-09-02 15:06:37,245 [seek] WARNING: Cloudflare challenge for job 93830307, JD will be empty
2026-09-02 15:06:40,032 [seek] INFO: Response: 403 https://www.seek.com.au/job/93922917 [50202 bytes]
2026-09-02 15:06:40,033 [seek] INFO: Request: GET https://www.seek.com.au/job/94328727
2026-09-02 15:06:40,036 [seek] WARNING: Cloudflare challenge for job 93922917, JD will be empty
2026-09-02 15:06:41,786 [seek] INFO: Response: 403 https://www.seek.com.au/job/93916843 [50202 bytes]
2026-09-02 15:06:41,787 [seek] INFO: Request: GET https://www.seek.com.au/job/94279237
2026-09-02 15:06:41,789 [seek] WARNING: Cloudflare challenge for job 93916843, JD will be empty
2026-09-02 15:06:44,439 [seek] INFO: Response: 403 https://www.seek.com.au/job/93922570 [50202 bytes]
2026-09-02 15:06:44,440 [seek] INFO: Request: GET https://www.seek.com.au/job/94258966
2026-09-02 15:06:44,443 [seek] WARNING: Cloudflare challenge for job 93922570, JD will be empty
2026-09-02 15:06:46,975 [seek] INFO: Response: 403 https://www.seek.com.au/job/94165331 [50202 bytes]
2026-09-02 15:06:46,976 [seek] INFO: Request: GET https://www.seek.com.au/job/94117971
2026-09-02 15:06:46,978 [seek] WARNING: Cloudflare challenge for job 94165331, JD will be empty
2026-09-02 15:06:49,378 [seek] INFO: Response: 403 https://www.seek.com.au/job/94157804 [50202 bytes]
2026-09-02 15:06:49,378 [seek] INFO: Request: GET https://www.seek.com.au/job/93941413
2026-09-02 15:06:49,381 [seek] WARNING: Cloudflare challenge for job 94157804, JD will be empty
2026-09-02 15:06:51,780 [seek] INFO: Response: 403 https://www.seek.com.au/job/94298192 [50202 bytes]
2026-09-02 15:06:51,781 [seek] INFO: Request: GET https://www.seek.com.au/job/94342908
2026-09-02 15:06:51,783 [seek] WARNING: Cloudflare challenge for job 94298192, JD will be empty
2026-09-02 15:06:54,625 [seek] INFO: Response: 403 https://www.seek.com.au/job/94204286 [50202 bytes]
2026-09-02 15:06:54,626 [seek] INFO: Request: GET https://www.seek.com.au/job/93929909
2026-09-02 15:06:54,627 [seek] WARNING: Cloudflare challenge for job 94204286, JD will be empty
2026-09-02 15:06:57,232 [seek] INFO: Response: 403 https://www.seek.com.au/job/94293654 [50202 bytes]
2026-09-02 15:06:57,233 [seek] INFO: Request: GET https://www.seek.com.au/job/94233159
2026-09-02 15:06:57,235 [seek] WARNING: Cloudflare challenge for job 94293654, JD will be empty
2026-09-02 15:06:59,967 [seek] INFO: Response: 403 https://www.seek.com.au/job/94298532 [50202 bytes]
2026-09-02 15:06:59,968 [seek] INFO: Request: GET https://www.seek.com.au/job/93924664
2026-09-02 15:06:59,971 [seek] WARNING: Cloudflare challenge for job 94298532, JD will be empty
2026-09-02 15:07:02,903 [seek] INFO: Response: 403 https://www.seek.com.au/job/94191084 [50202 bytes]
2026-09-02 15:07:02,904 [seek] INFO: Request: GET https://www.seek.com.au/job/94300494
2026-09-02 15:07:02,907 [seek] WARNING: Cloudflare challenge for job 94191084, JD will be empty
2026-09-02 15:07:05,298 [seek] INFO: Response: 403 https://www.seek.com.au/job/94298708 [50202 bytes]
2026-09-02 15:07:05,299 [seek] INFO: Request: GET https://www.seek.com.au/job/94122960
2026-09-02 15:07:05,301 [seek] WARNING: Cloudflare challenge for job 94298708, JD will be empty
2026-09-02 15:07:08,285 [seek] INFO: Response: 403 https://www.seek.com.au/job/94097231 [50202 bytes]
2026-09-02 15:07:08,286 [seek] INFO: Request: GET https://www.seek.com.au/job/93924365
2026-09-02 15:07:08,288 [seek] WARNING: Cloudflare challenge for job 94097231, JD will be empty
2026-09-02 15:07:11,066 [seek] INFO: Response: 403 https://www.seek.com.au/job/94298284 [50202 bytes]
2026-09-02 15:07:11,067 [seek] INFO: Request: GET https://www.seek.com.au/job/93922797
2026-09-02 15:07:11,069 [seek] WARNING: Cloudflare challenge for job 94298284, JD will be empty
2026-09-02 15:07:13,195 [seek] INFO: Response: 403 https://www.seek.com.au/job/94298833 [50202 bytes]
2026-09-02 15:07:13,196 [seek] INFO: Request: GET https://www.seek.com.au/job/94067079
2026-09-02 15:07:13,198 [seek] WARNING: Cloudflare challenge for job 94298833, JD will be empty
2026-09-02 15:07:15,591 [seek] INFO: Response: 200 https://www.seek.com.au/api/jobsearch/v5/search?siteKey=AU-Main&sourcesystem=houston&where=All+Sydney+NSW&page=3&seekSelectAllPages=true&include=seodata&locale=en-AU&keywords=internship&daterange=21 [34683 bytes]
2026-09-02 15:07:15,592 [seek] INFO: Request: GET https://www.seek.com.au/job/93923160
2026-09-02 15:07:15,593 [seek] INFO: Total: 73, Per Page: 20, Pages: 4
2026-09-02 15:07:15,595 [seek] INFO: Starting search request
2026-09-02 15:07:15,595 [seek] INFO: Next Page: 4
2026-09-02 15:07:18,300 [seek] INFO: Response: 403 https://www.seek.com.au/job/94257142 [50202 bytes]
2026-09-02 15:07:18,301 [seek] INFO: Request: GET https://www.seek.com.au/api/jobsearch/v5/search?siteKey=AU-Main&sourcesystem=houston&where=All+Sydney+NSW&page=4&seekSelectAllPages=true&include=seodata&locale=en-AU&keywords=internship&daterange=21
2026-09-02 15:07:18,303 [seek] WARNING: Cloudflare challenge for job 94257142, JD will be empty
2026-09-02 15:07:20,432 [seek] INFO: Response: 403 https://www.seek.com.au/job/94328727 [50202 bytes]
2026-09-02 15:07:20,433 [seek] INFO: Request: GET https://www.seek.com.au/job/94226957
2026-09-02 15:07:20,435 [seek] WARNING: Cloudflare challenge for job 94328727, JD will be empty
2026-09-02 15:07:23,294 [seek] INFO: Response: 403 https://www.seek.com.au/job/94279237 [50202 bytes]
2026-09-02 15:07:23,295 [seek] INFO: Request: GET https://www.seek.com.au/job/94157333
2026-09-02 15:07:23,299 [seek] WARNING: Cloudflare challenge for job 94279237, JD will be empty
2026-09-02 15:07:26,255 [seek] INFO: Response: 403 https://www.seek.com.au/job/94258966 [50202 bytes]
2026-09-02 15:07:26,257 [seek] INFO: Request: GET https://www.seek.com.au/job/94151731
2026-09-02 15:07:26,261 [seek] WARNING: Cloudflare challenge for job 94258966, JD will be empty
2026-09-02 15:07:29,067 [seek] INFO: Response: 403 https://www.seek.com.au/job/94117971 [50202 bytes]
2026-09-02 15:07:29,069 [seek] INFO: Request: GET https://www.seek.com.au/job/94051522
2026-09-02 15:07:29,072 [seek] WARNING: Cloudflare challenge for job 94117971, JD will be empty
2026-09-02 15:07:30,525 [scrapy.extensions.logstats] INFO: Crawled 24 pages (at 24 pages/min), scraped 21 items (at 21 items/min)
2026-09-02 15:07:31,862 [seek] INFO: Response: 403 https://www.seek.com.au/job/93941413 [50202 bytes]
2026-09-02 15:07:31,863 [seek] INFO: Request: GET https://www.seek.com.au/job/94153606
2026-09-02 15:07:31,865 [seek] WARNING: Cloudflare challenge for job 93941413, JD will be empty
2026-09-02 15:07:34,839 [seek] INFO: Response: 403 https://www.seek.com.au/job/94342908 [50202 bytes]
2026-09-02 15:07:34,840 [seek] INFO: Request: GET https://www.seek.com.au/job/94017312
2026-09-02 15:07:34,842 [seek] WARNING: Cloudflare challenge for job 94342908, JD will be empty
2026-09-02 15:07:37,669 [seek] INFO: Response: 403 https://www.seek.com.au/job/93929909 [50202 bytes]
2026-09-02 15:07:37,670 [seek] INFO: Request: GET https://www.seek.com.au/job/94126037
2026-09-02 15:07:37,673 [seek] WARNING: Cloudflare challenge for job 93929909, JD will be empty
2026-09-02 15:07:40,269 [seek] INFO: Response: 403 https://www.seek.com.au/job/94233159 [50202 bytes]
2026-09-02 15:07:40,269 [seek] INFO: Request: GET https://www.seek.com.au/job/94152036
2026-09-02 15:07:40,271 [seek] WARNING: Cloudflare challenge for job 94233159, JD will be empty
2026-09-02 15:07:42,234 [seek] INFO: Response: 403 https://www.seek.com.au/job/93924664 [50202 bytes]
2026-09-02 15:07:42,235 [seek] INFO: Request: GET https://www.seek.com.au/job/94046152
2026-09-02 15:07:42,238 [seek] WARNING: Cloudflare challenge for job 93924664, JD will be empty
2026-09-02 15:07:44,559 [seek] INFO: Response: 403 https://www.seek.com.au/job/94300494 [50202 bytes]
2026-09-02 15:07:44,560 [seek] INFO: Request: GET https://www.seek.com.au/job/94135125
2026-09-02 15:07:44,562 [seek] WARNING: Cloudflare challenge for job 94300494, JD will be empty
2026-09-02 15:07:47,101 [seek] INFO: Response: 403 https://www.seek.com.au/job/94122960 [50202 bytes]
2026-09-02 15:07:47,102 [seek] INFO: Request: GET https://www.seek.com.au/job/94153091
2026-09-02 15:07:47,104 [seek] WARNING: Cloudflare challenge for job 94122960, JD will be empty
2026-09-02 15:07:48,444 [seek] INFO: Response: 403 https://www.seek.com.au/job/93924365 [50202 bytes]
2026-09-02 15:07:48,445 [seek] INFO: Request: GET https://www.seek.com.au/job/93978132
2026-09-02 15:07:48,447 [seek] WARNING: Cloudflare challenge for job 93924365, JD will be empty
2026-09-02 15:07:51,028 [seek] INFO: Response: 403 https://www.seek.com.au/job/93922797 [50202 bytes]
2026-09-02 15:07:51,029 [seek] INFO: Request: GET https://www.seek.com.au/job/93948693
2026-09-02 15:07:51,031 [seek] WARNING: Cloudflare challenge for job 93922797, JD will be empty
2026-09-02 15:07:53,567 [seek] INFO: Response: 403 https://www.seek.com.au/job/94067079 [50202 bytes]
2026-09-02 15:07:53,568 [seek] INFO: Request: GET https://www.seek.com.au/job/94092689
2026-09-02 15:07:53,571 [seek] WARNING: Cloudflare challenge for job 94067079, JD will be empty
2026-09-02 15:07:56,466 [seek] INFO: Response: 403 https://www.seek.com.au/job/93923160 [50202 bytes]
2026-09-02 15:07:56,466 [seek] INFO: Request: GET https://www.seek.com.au/job/94009992
2026-09-02 15:07:56,467 [seek] WARNING: Cloudflare challenge for job 93923160, JD will be empty
2026-09-02 15:07:59,100 [seek] INFO: Response: 200 https://www.seek.com.au/api/jobsearch/v5/search?siteKey=AU-Main&sourcesystem=houston&where=All+Sydney+NSW&page=4&seekSelectAllPages=true&include=seodata&locale=en-AU&keywords=internship&daterange=21 [21273 bytes]
2026-09-02 15:07:59,101 [seek] INFO: Request: GET https://www.seek.com.au/job/94129778
2026-09-02 15:07:59,102 [seek] INFO: Total: 73, Per Page: 20, Pages: 4
2026-09-02 15:07:59,104 [seek] INFO: No more categories to scrape
2026-09-02 15:07:59,105 [scrapy.core.engine] INFO: Closing spider (Finished scraping all categories)
2026-09-02 15:08:00,738 [seek] INFO: Response: 403 https://www.seek.com.au/job/94226957 [50202 bytes]
2026-09-02 15:08:00,742 [seek] WARNING: Cloudflare challenge for job 94226957, JD will be empty
2026-09-02 15:08:03,442 [seek] INFO: Response: 403 https://www.seek.com.au/job/94157333 [50202 bytes]
2026-09-02 15:08:03,449 [seek] WARNING: Cloudflare challenge for job 94157333, JD will be empty
2026-09-02 15:08:05,012 [seek] INFO: Response: 403 https://www.seek.com.au/job/94151731 [50202 bytes]
2026-09-02 15:08:05,016 [seek] WARNING: Cloudflare challenge for job 94151731, JD will be empty
2026-09-02 15:08:07,482 [seek] INFO: Response: 403 https://www.seek.com.au/job/94051522 [50202 bytes]
2026-09-02 15:08:07,485 [seek] WARNING: Cloudflare challenge for job 94051522, JD will be empty
2026-09-02 15:08:09,533 [seek] INFO: Response: 403 https://www.seek.com.au/job/94153606 [50202 bytes]
2026-09-02 15:08:09,536 [seek] WARNING: Cloudflare challenge for job 94153606, JD will be empty
2026-09-02 15:08:11,770 [seek] INFO: Response: 403 https://www.seek.com.au/job/94017312 [50202 bytes]
2026-09-02 15:08:11,774 [seek] WARNING: Cloudflare challenge for job 94017312, JD will be empty
2026-09-02 15:08:13,908 [seek] INFO: Response: 403 https://www.seek.com.au/job/94126037 [50202 bytes]
2026-09-02 15:08:13,912 [seek] WARNING: Cloudflare challenge for job 94126037, JD will be empty
2026-09-02 15:08:16,511 [seek] INFO: Response: 403 https://www.seek.com.au/job/94152036 [50202 bytes]
2026-09-02 15:08:16,516 [seek] WARNING: Cloudflare challenge for job 94152036, JD will be empty
2026-09-02 15:08:18,369 [seek] INFO: Response: 403 https://www.seek.com.au/job/94046152 [50202 bytes]
2026-09-02 15:08:18,373 [seek] WARNING: Cloudflare challenge for job 94046152, JD will be empty
2026-09-02 15:08:21,146 [seek] INFO: Response: 403 https://www.seek.com.au/job/94135125 [50202 bytes]
2026-09-02 15:08:21,150 [seek] WARNING: Cloudflare challenge for job 94135125, JD will be empty
2026-09-02 15:08:23,923 [seek] INFO: Response: 403 https://www.seek.com.au/job/94153091 [50202 bytes]
2026-09-02 15:08:23,928 [seek] WARNING: Cloudflare challenge for job 94153091, JD will be empty
2026-09-02 15:08:26,611 [seek] INFO: Response: 403 https://www.seek.com.au/job/93978132 [50202 bytes]
2026-09-02 15:08:26,613 [seek] WARNING: Cloudflare challenge for job 93978132, JD will be empty
2026-09-02 15:08:29,129 [seek] INFO: Response: 403 https://www.seek.com.au/job/93948693 [50202 bytes]
2026-09-02 15:08:29,131 [seek] WARNING: Cloudflare challenge for job 93948693, JD will be empty
2026-09-02 15:08:30,524 [scrapy.extensions.logstats] INFO: Crawled 49 pages (at 25 pages/min), scraped 45 items (at 24 items/min)
2026-09-02 15:08:32,111 [seek] INFO: Response: 403 https://www.seek.com.au/job/94092689 [50202 bytes]
2026-09-02 15:08:32,114 [seek] WARNING: Cloudflare challenge for job 94092689, JD will be empty
2026-09-02 15:08:34,556 [seek] INFO: Response: 403 https://www.seek.com.au/job/94009992 [50202 bytes]
2026-09-02 15:08:34,559 [seek] WARNING: Cloudflare challenge for job 94009992, JD will be empty
2026-09-02 15:08:36,857 [seek] INFO: Response: 403 https://www.seek.com.au/job/94129778 [50202 bytes]
2026-09-02 15:08:36,860 [seek] WARNING: Cloudflare challenge for job 94129778, JD will be empty
2026-09-02 15:08:36,862 [seek] INFO: Exported 48 items to /Users/aayan/Desktop/job account /SeekSpider-main/output/seek_spider/20260902_150630/sydney
